Evaluation arguments: -e eval.xml -s parser.conll -g wsj.23.conll
====================================================
Gold:   wsj.23.conll
Parsed: parser.conll
====================================================
Metric-> LA
MinSentenceLength-> 1
MaxSentenceLength-> 40
GroupBy-> Deprel

====================================================

precision / ExcludeDeprels:	recall / ExcludeDeprels:	fscore / ExcludeDeprels:	parsercounter / ExcludeDeprels:	treebankcounter / ExcludeDeprels:	correctcounter / ExcludeDeprels:	precision / ExcludeDeprels:Punc|Dummy	recall / ExcludeDeprels:Punc|Dummy	fscore / ExcludeDeprels:Punc|Dummy	parsercounter / ExcludeDeprels:Punc|Dummy	treebankcounter / ExcludeDeprels:Punc|Dummy	correctcounter / ExcludeDeprels:Punc|Dummy	Deprel
---------------------------------------------------------------------------------------------------------------------------------------------------------------------------------------------------------------------------------------------------------------------------------------------------------------------------------------------------------------------------------------------------------------------------------------------------------------
1.0000	1.0000	1.0000	1798	1798	1798	1.0000	1.0000	1.0000	1798	1798	1798	ADV
1.0000	1.0000	1.0000	825	825	825	1.0000	1.0000	1.0000	825	825	825	AMOD
1.0000	1.0000	1.0000	1398	1398	1398	1.0000	1.0000	1.0000	1398	1398	1398	CCOMP
1.0000	1.0000	1.0000	1138	1138	1138	1.0000	1.0000	1.0000	1138	1138	1138	CONJ
1.0000	1.0000	1.0000	1078	1078	1078	1.0000	1.0000	1.0000	1078	1078	1078	COORD
1.0000	1.0000	1.0000	51	51	51	1.0000	1.0000	1.0000	51	51	51	DEP
1.0000	1.0000	1.0000	250	250	250	1.0000	1.0000	1.0000	250	250	250	DIR
1.0000	1.0000	1.0000	85	85	85	1.0000	1.0000	1.0000	85	85	85	EXT
1.0000	1.0000	1.0000	141	141	141	1.0000	1.0000	1.0000	141	141	141	LGS
1.0000	1.0000	1.0000	841	841	841	1.0000	1.0000	1.0000	841	841	841	LOC

====================================================
Gold:   wsj.23.conll
Parsed: parser.conll
====================================================
Metric-> LA
ExcludeDeprels-> 
MinSentenceLength-> 1
MaxSentenceLength-> 40
GroupBy-> Deprel:all|recall-10

====================================================

Confusion table for Deprel
frequency	Gold / System
-------------------------


Confusion matrix for Deprel
ADV	AMOD	CCOMP	CONJ	COORD	DEP	DIR	EXT	LGS	LOC	MNR	NMOD	OBJ	P	PMOD	PRD	PRN	PRT	RCMOD	ROOT	SBJ	TMP	VC	VMOD	Col: gold / Row: system
-----------------------------------------------------------------------------------------------------------------------------------------------------------------------------------------------------------------------------------------------
-	0	0	0	0	0	0	0	0	0	0	0	0	0	0	0	0	0	0	0	0	0	0	0	ADV
0	-	0	0	0	0	0	0	0	0	0	0	0	0	0	0	0	0	0	0	0	0	0	0	AMOD
0	0	-	0	0	0	0	0	0	0	0	0	0	0	0	0	0	0	0	0	0	0	0	0	CCOMP
0	0	0	-	0	0	0	0	0	0	0	0	0	0	0	0	0	0	0	0	0	0	0	0	CONJ
0	0	0	0	-	0	0	0	0	0	0	0	0	0	0	0	0	0	0	0	0	0	0	0	COORD
0	0	0	0	0	-	0	0	0	0	0	0	0	0	0	0	0	0	0	0	0	0	0	0	DEP
0	0	0	0	0	0	-	0	0	0	0	0	0	0	0	0	0	0	0	0	0	0	0	0	DIR
0	0	0	0	0	0	0	-	0	0	0	0	0	0	0	0	0	0	0	0	0	0	0	0	EXT
0	0	0	0	0	0	0	0	-	0	0	0	0	0	0	0	0	0	0	0	0	0	0	0	LGS
0	0	0	0	0	0	0	0	0	-	0	0	0	0	0	0	0	0	0	0	0	0	0	0	LOC
0	0	0	0	0	0	0	0	0	0	-	0	0	0	0	0	0	0	0	0	0	0	0	0	MNR
0	0	0	0	0	0	0	0	0	0	0	-	0	0	0	0	0	0	0	0	0	0	0	0	NMOD
0	0	0	0	0	0	0	0	0	0	0	0	-	0	0	0	0	0	0	0	0	0	0	0	OBJ
0	0	0	0	0	0	0	0	0	0	0	0	0	-	0	0	0	0	0	0	0	0	0	0	P
0	0	0	0	0	0	0	0	0	0	0	0	0	0	-	0	0	0	0	0	0	0	0	0	PMOD
0	0	0	0	0	0	0	0	0	0	0	0	0	0	0	-	0	0	0	0	0	0	0	0	PRD
0	0	0	0	0	0	0	0	0	0	0	0	0	0	0	0	-	0	0	0	0	0	0	0	PRN
0	0	0	0	0	0	0	0	0	0	0	0	0	0	0	0	0	-	0	0	0	0	0	0	PRT
0	0	0	0	0	0	0	0	0	0	0	0	0	0	0	0	0	0	-	0	0	0	0	0	RCMOD
0	0	0	0	0	0	0	0	0	0	0	0	0	0	0	0	0	0	0	-	0	0	0	0	ROOT
0	0	0	0	0	0	0	0	0	0	0	0	0	0	0	0	0	0	0	0	-	0	0	0	SBJ
0	0	0	0	0	0	0	0	0	0	0	0	0	0	0	0	0	0	0	0	0	-	0	0	TMP
0	0	0	0	0	0	0	0	0	0	0	0	0	0	0	0	0	0	0	0	0	0	-	0	VC
0	0	0	0	0	0	0	0	0	0	0	0	0	0	0	0	0	0	0	0	0	0	0	-	VMOD


====================================================
Gold:   wsj.23.conll
Parsed: parser.conll
====================================================
Metric-> LA
ExcludeDeprels-> Punc|Dummy
MinSentenceLength-> 1
MaxSentenceLength-> 40
GroupBy-> Deprel:all|recall-10

====================================================

Confusion table for Deprel
frequency	Gold / System
-------------------------


Confusion matrix for Deprel
ADV	AMOD	CCOMP	CONJ	COORD	DEP	DIR	EXT	LGS	LOC	MNR	NMOD	OBJ	P	PMOD	PRD	PRN	PRT	RCMOD	ROOT	SBJ	TMP	VC	VMOD	Col: gold / Row: system
-----------------------------------------------------------------------------------------------------------------------------------------------------------------------------------------------------------------------------------------------
-	0	0	0	0	0	0	0	0	0	0	0	0	0	0	0	0	0	0	0	0	0	0	0	ADV
0	-	0	0	0	0	0	0	0	0	0	0	0	0	0	0	0	0	0	0	0	0	0	0	AMOD
0	0	-	0	0	0	0	0	0	0	0	0	0	0	0	0	0	0	0	0	0	0	0	0	CCOMP
0	0	0	-	0	0	0	0	0	0	0	0	0	0	0	0	0	0	0	0	0	0	0	0	CONJ
0	0	0	0	-	0	0	0	0	0	0	0	0	0	0	0	0	0	0	0	0	0	0	0	COORD
0	0	0	0	0	-	0	0	0	0	0	0	0	0	0	0	0	0	0	0	0	0	0	0	DEP
0	0	0	0	0	0	-	0	0	0	0	0	0	0	0	0	0	0	0	0	0	0	0	0	DIR
0	0	0	0	0	0	0	-	0	0	0	0	0	0	0	0	0	0	0	0	0	0	0	0	EXT
0	0	0	0	0	0	0	0	-	0	0	0	0	0	0	0	0	0	0	0	0	0	0	0	LGS
0	0	0	0	0	0	0	0	0	-	0	0	0	0	0	0	0	0	0	0	0	0	0	0	LOC
0	0	0	0	0	0	0	0	0	0	-	0	0	0	0	0	0	0	0	0	0	0	0	0	MNR
0	0	0	0	0	0	0	0	0	0	0	-	0	0	0	0	0	0	0	0	0	0	0	0	NMOD
0	0	0	0	0	0	0	0	0	0	0	0	-	0	0	0	0	0	0	0	0	0	0	0	OBJ
0	0	0	0	0	0	0	0	0	0	0	0	0	-	0	0	0	0	0	0	0	0	0	0	P
0	0	0	0	0	0	0	0	0	0	0	0	0	0	-	0	0	0	0	0	0	0	0	0	PMOD
0	0	0	0	0	0	0	0	0	0	0	0	0	0	0	-	0	0	0	0	0	0	0	0	PRD
0	0	0	0	0	0	0	0	0	0	0	0	0	0	0	0	-	0	0	0	0	0	0	0	PRN
0	0	0	0	0	0	0	0	0	0	0	0	0	0	0	0	0	-	0	0	0	0	0	0	PRT
0	0	0	0	0	0	0	0	0	0	0	0	0	0	0	0	0	0	-	0	0	0	0	0	RCMOD
0	0	0	0	0	0	0	0	0	0	0	0	0	0	0	0	0	0	0	-	0	0	0	0	ROOT
0	0	0	0	0	0	0	0	0	0	0	0	0	0	0	0	0	0	0	0	-	0	0	0	SBJ
0	0	0	0	0	0	0	0	0	0	0	0	0	0	0	0	0	0	0	0	0	-	0	0	TMP
0	0	0	0	0	0	0	0	0	0	0	0	0	0	0	0	0	0	0	0	0	0	-	0	VC
0	0	0	0	0	0	0	0	0	0	0	0	0	0	0	0	0	0	0	0	0	0	0	-	VMOD


